// Jest Snapshot v1, https://goo.gl/fbAQLP

exports[`Given the Card component When it is rendered Then should match the snapshot 1`] = `
<DocumentFragment>
  <div
    class="ui-Card css-190dtii-Card"
    role="article"
  >
    <div
      class="cardHeader ui-CardHeader css-1t93nm7-CardHeader"
    >
      Header
    </div>
    <div
      class="cardBody ui-CardBody css-4iti4b-CardBody"
    >
      Body
    </div>
    <div
      class="cardFooter ui-CardFooter css-s03n6j-CardFooter"
    >
      Footer
    </div>
  </div>
</DocumentFragment>
`;
