// Jest Snapshot v1, https://goo.gl/fbAQLP

exports[`Given the FeatureContentHorizontal component When it is rendered Then should match the snapshot 1`] = `
<DocumentFragment>
  <div
    class="ui-FeatureContentHorizontal ui-Card css-5xvox2-Card"
    role="article"
  >
    <div
      class="ui-CardBody css-4iti4b-CardBody"
    >
      <div
        class="ui-Box css-1dvrq7b-Box"
      >
        <div
          class="ui-Box css-1rudv8u-FeatureContentHorizontal"
        >
          <h5
            class="ui-Typography css-165gd17-Typography"
          >
            Header
          </h5>
          <div
            class="ui-Box css-oyj6p9-Box"
          >
            Body
          </div>
          <div
            class="ui-Box css-q6vntx-Box"
          >
            <button
              class="ui-Button css-h7smxu-Button"
              type="button"
            >
               View 
            </button>
          </div>
        </div>
        <div
          class="ui-Box css-10bvn0u-Box"
        >
          <div
            class="css-fxd6jv-FeatureContentHorizontal"
          >
            Image
          </div>
        </div>
      </div>
    </div>
  </div>
</DocumentFragment>
`;
